=== RUN   TestHandleMessage_LaporCommand
    handle_message_usecase_test.go:95: Expected 'Laporan diterima, TestUser sudah berkeringat 1 hari. Lanjutkan ≡ƒöÑ (streak 1 hari)', got 'Laporan diterima, TestUser sudah berkeringat 1 hari. Lanjutkan ≡ƒöÑ (streak 1 hari)
        
        ≡ƒÄë ACHIEVEMENT UNLOCKED! ≡ƒÄë
        ≡ƒÅà Pemula (10 pts)
        
        Γ¡É +10 points (Total: 10)'
--- FAIL: TestHandleMessage_LaporCommand (0.00s)
=== RUN   TestHandleMessage_LaporCaseInsensitive
--- PASS: TestHandleMessage_LaporCaseInsensitive (0.00s)
=== RUN   TestHandleMessage_LaporWithTrailingText
--- PASS: TestHandleMessage_LaporWithTrailingText (0.00s)
=== RUN   TestHandleMessage_LeaderboardCommand
--- PASS: TestHandleMessage_LeaderboardCommand (0.00s)
=== RUN   TestHandleMessage_LeaderboardCaseInsensitive
--- PASS: TestHandleMessage_LeaderboardCaseInsensitive (0.00s)
=== RUN   TestHandleMessage_UnknownCommand_ReturnsEmpty
--- PASS: TestHandleMessage_UnknownCommand_ReturnsEmpty (0.00s)
=== RUN   TestHandleMessage_WhitespaceHandling
--- PASS: TestHandleMessage_WhitespaceHandling (0.00s)
=== RUN   TestHandleMessage_EmptyMessage
--- PASS: TestHandleMessage_EmptyMessage (0.00s)
=== RUN   TestHandleMessage_GamificationCommands
--- PASS: TestHandleMessage_GamificationCommands (0.00s)
=== RUN   TestStreak_FirstReport
    report_activity_usecase_test.go:81: Expected message 'Laporan diterima, Alice sudah berkeringat 1 hari. Lanjutkan ≡ƒöÑ (streak 1 hari)', got 'Laporan diterima, Alice sudah berkeringat 1 hari. Lanjutkan ≡ƒöÑ (streak 1 hari)
        
        ≡ƒÄë ACHIEVEMENT UNLOCKED! ≡ƒÄë
        ≡ƒÅà Pemula (10 pts)
        
        Γ¡É +10 points (Total: 10)'
--- FAIL: TestStreak_FirstReport (0.00s)
=== RUN   TestStreak_ConsecutiveDay_StreakIncreases
--- PASS: TestStreak_ConsecutiveDay_StreakIncreases (0.00s)
=== RUN   TestStreak_MissedDay_StreakResets
--- PASS: TestStreak_MissedDay_StreakResets (0.00s)
=== RUN   TestStreak_SameDay_Rejected
--- PASS: TestStreak_SameDay_Rejected (0.00s)
=== RUN   TestStreak_LongGap_StreakResets
--- PASS: TestStreak_LongGap_StreakResets (0.00s)
=== RUN   TestLeaderboard_RanksByActivityCount
--- PASS: TestLeaderboard_RanksByActivityCount (0.00s)
FAIL
FAIL	github.com/fardannozami/whatsapp-gateway/internal/app/usecase	0.794s
FAIL
